I'm sorry, but errors were detected in your script. Please correct the
errors listed below, and try again.


File "game/script.rpy", line 28: expected statement.
    for in [dialogues]:
        ^

Ren'Py Version: Ren'Py 8.1.3.23091805
Tue Nov 14 21:02:15 2023
